---
source: crates/rust/tests/convert.rs
expression: parsed
---
UfData {
    format_version: 1,
    project: Project {
        name: "data",
        tracks: [
            Track {
                name: "Track 1",
                notes: [
                    Note {
                        key: 60,
                        tick_on: 0,
                        tick_off: 480,
                        lyric: "ど",
                        phoneme: Some(
                            "",
                        ),
                    },
                    Note {
                        key: 62,
                        tick_on: 480,
                        tick_off: 960,
                        lyric: "れ",
                        phoneme: Some(
                            "",
                        ),
                    },
                    Note {
                        key: 64,
                        tick_on: 960,
                        tick_off: 1440,
                        lyric: "み",
                        phoneme: Some(
                            "",
                        ),
                    },
                    Note {
                        key: 65,
                        tick_on: 1440,
                        tick_off: 1920,
                        lyric: "ふぁ",
                        phoneme: Some(
                            "",
                        ),
                    },
                    Note {
                        key: 67,
                        tick_on: 1920,
                        tick_off: 2400,
                        lyric: "そ",
                        phoneme: Some(
                            "",
                        ),
                    },
                    Note {
                        key: 69,
                        tick_on: 2400,
                        tick_off: 2880,
                        lyric: "ら",
                        phoneme: Some(
                            "",
                        ),
                    },
                    Note {
                        key: 71,
                        tick_on: 2880,
                        tick_off: 3360,
                        lyric: "し",
                        phoneme: Some(
                            "",
                        ),
                    },
                    Note {
                        key: 72,
                        tick_on: 3360,
                        tick_off: 3840,
                        lyric: "ど",
                        phoneme: Some(
                            "",
                        ),
                    },
                ],
                pitch: Some(
                    Pitch {
                        ticks: [
                            0,
                            244,
                            248,
                            252,
                            256,
                            260,
                            264,
                            268,
                            272,
                            276,
                            280,
                            284,
                            288,
                            292,
                            296,
                            300,
                            304,
                            308,
                            312,
                            316,
                            320,
                            324,
                            328,
                            332,
                            336,
                            340,
                            344,
                            348,
                            352,
                            356,
                            360,
                            364,
                            368,
                            372,
                            376,
                            380,
                            384,
                            388,
                            392,
                            396,
                            400,
                            404,
                            408,
                            412,
                            416,
                            420,
                            424,
                            428,
                            432,
                            436,
                            440,
                            444,
                            448,
                            452,
                            456,
                            460,
                            464,
                            468,
                            472,
                            476,
                            480,
                            724,
                            728,
                            732,
                            736,
                            740,
                            744,
                            748,
                            752,
                            756,
                            760,
                            764,
                            768,
                            772,
                            776,
                            780,
                            784,
                            788,
                            792,
                            796,
                            800,
                            804,
                            808,
                            812,
                            816,
                            820,
                            824,
                            828,
                            832,
                            836,
                            840,
                            844,
                            848,
                            852,
                            856,
                            860,
                            864,
                            868,
                            872,
                            876,
                            880,
                            884,
                            888,
                            892,
                            896,
                            900,
                            904,
                            908,
                            912,
                            916,
                            920,
                            924,
                            928,
                            932,
                            936,
                            940,
                            944,
                            948,
                            952,
                            956,
                            960,
                            1204,
                            1208,
                            1212,
                            1216,
                            1220,
                            1224,
                            1228,
                            1232,
                            1236,
                            1240,
                            1244,
                            1248,
                            1252,
                            1256,
                            1260,
                            1264,
                            1268,
                            1272,
                            1276,
                            1280,
                            1284,
                            1288,
                            1292,
                            1296,
                            1300,
                            1304,
                            1308,
                            1312,
                            1316,
                            1320,
                            1324,
                            1328,
                            1332,
                            1336,
                            1340,
                            1344,
                            1348,
                            1352,
                            1356,
                            1360,
                            1364,
                            1368,
                            1372,
                            1376,
                            1380,
                            1384,
                            1388,
                            1392,
                            1396,
                            1400,
                            1404,
                            1408,
                            1412,
                            1416,
                            1420,
                            1424,
                            1428,
                            1432,
                            1436,
                            1440,
                            1684,
                            1688,
                            1692,
                            1696,
                            1700,
                            1704,
                            1708,
                            1712,
                            1716,
                            1720,
                            1724,
                            1728,
                            1732,
                            1736,
                            1740,
                            1744,
                            1748,
                            1752,
                            1756,
                            1760,
                            1764,
                            1768,
                            1772,
                            1776,
                            1780,
                            1784,
                            1788,
                            1792,
                            1796,
                            1800,
                            1804,
                            1808,
                            1812,
                            1816,
                            1820,
                            1824,
                            1828,
                            1832,
                            1836,
                            1840,
                            1844,
                            1848,
                            1852,
                            1856,
                            1860,
                            1864,
                            1868,
                            1872,
                            1876,
                            1880,
                            1884,
                            1888,
                            1892,
                            1896,
                            1900,
                            1904,
                            1908,
                            1912,
                            1916,
                            1920,
                            2164,
                            2168,
                            2172,
                            2176,
                            2180,
                            2184,
                            2188,
                            2192,
                            2196,
                            2200,
                            2204,
                            2208,
                            2212,
                            2216,
                            2220,
                            2224,
                            2228,
                            2232,
                            2236,
                            2240,
                            2244,
                            2248,
                            2252,
                            2256,
                            2260,
                            2264,
                            2268,
                            2272,
                            2276,
                            2280,
                            2284,
                            2288,
                            2292,
                            2296,
                            2300,
                            2304,
                            2308,
                            2312,
                            2316,
                            2320,
                            2324,
                            2328,
                            2332,
                            2336,
                            2340,
                            2344,
                            2348,
                            2352,
                            2356,
                            2360,
                            2364,
                            2368,
                            2372,
                            2376,
                            2380,
                            2384,
                            2388,
                            2392,
                            2396,
                            2400,
                            2644,
                            2648,
                            2652,
                            2656,
                            2660,
                            2664,
                            2668,
                            2672,
                            2676,
                            2680,
                            2684,
                            2688,
                            2692,
                            2696,
                            2700,
                            2704,
                            2708,
                            2712,
                            2716,
                            2720,
                            2724,
                            2728,
                            2732,
                            2736,
                            2740,
                            2744,
                            2748,
                            2752,
                            2756,
                            2760,
                            2764,
                            2768,
                            2772,
                            2776,
                            2780,
                            2784,
                            2788,
                            2792,
                            2796,
                            2800,
                            2804,
                            2808,
                            2812,
                            2816,
                            2820,
                            2824,
                            2828,
                            2832,
                            2836,
                            2840,
                            2844,
                            2848,
                            2852,
                            2856,
                            2860,
                            2864,
                            2868,
                            2872,
                            2876,
                            2880,
                            3124,
                            3128,
                            3132,
                            3136,
                            3140,
                            3144,
                            3148,
                            3152,
                            3156,
                            3160,
                            3164,
                            3168,
                            3172,
                            3176,
                            3180,
                            3184,
                            3188,
                            3192,
                            3196,
                            3200,
                            3204,
                            3208,
                            3212,
                            3216,
                            3220,
                            3224,
                            3228,
                            3232,
                            3236,
                            3240,
                            3244,
                            3248,
                            3252,
                            3256,
                            3260,
                            3264,
                            3268,
                            3272,
                            3276,
                            3280,
                            3284,
                            3288,
                            3292,
                            3296,
                            3300,
                            3304,
                            3308,
                            3312,
                            3316,
                            3320,
                            3324,
                            3328,
                            3332,
                            3336,
                            3340,
                            3344,
                            3348,
                            3352,
                            3356,
                            3360,
                            3604,
                            3608,
                            3612,
                            3616,
                            3620,
                            3624,
                            3628,
                            3632,
                            3636,
                            3640,
                            3644,
                            3648,
                            3652,
                            3656,
                            3660,
                            3664,
                            3668,
                            3672,
                            3676,
                            3680,
                            3684,
                            3688,
                            3692,
                            3696,
                            3700,
                            3704,
                            3708,
                            3712,
                            3716,
                            3720,
                            3724,
                            3728,
                            3732,
                            3736,
                            3740,
                            3744,
                            3748,
                            3752,
                            3756,
                            3760,
                            3764,
                            3768,
                            3772,
                            3776,
                            3780,
                            3784,
                            3788,
                            3792,
                            3796,
                            3800,
                            3804,
                            3808,
                            3812,
                            3816,
                            3820,
                            3824,
                            3828,
                            3832,
                            3836,
                            3840,
                        ],
                        values: [
                            Some(
                                0.0,
                            ),
                            Some(
                                0.0014947148124081124,
                            ),
                            Some(
                                0.005916986347998366,
                            ),
                            Some(
                                0.013083116798044638,
                            ),
                            Some(
                                0.02269329312562612,
                            ),
                            Some(
                                0.034340927869795215,
                            ),
                            Some(
                                0.04752537285000197,
                            ),
                            Some(
                                0.06166765366591473,
                            ),
                            Some(
                                0.07612878813688338,
                            ),
                            Some(
                                0.09023017841752937,
                            ),
                            Some(
                                0.10327550639310529,
                            ),
                            Some(
                                0.11457351670118832,
                            ),
                            Some(
                                0.1234610425743922,
                            ),
                            Some(
                                0.12663133378110694,
                            ),
                            Some(
                                0.1261425614412566,
                            ),
                            Some(
                                0.12179730648963068,
                            ),
                            Some(
                                0.11353601500349081,
                            ),
                            Some(
                                0.1014387826492638,
                            ),
                            Some(
                                0.08572242077371044,
                            ),
                            Some(
                                0.06673295662398972,
                            ),
                            Some(
                                0.04493386199696552,
                            ),
                            Some(
                                0.020890435876295424,
                            ),
                            Some(
                                -0.00474911648988316,
                            ),
                            Some(
                                -0.03127526644434017,
                            ),
                            Some(
                                -0.057940686445302536,
                            ),
                            Some(
                                -0.08398494009149861,
                            ),
                            Some(
                                -0.10865952982672561,
                            ),
                            Some(
                                -0.1312524879057835,
                            ),
                            Some(
                                -0.15111171472774423,
                            ),
                            Some(
                                -0.16766631161888143,
                            ),
                            Some(
                                -0.18044522119361064,
                            ),
                            Some(
                                -0.18909257548315364,
                            ),
                            Some(
                                -0.1933792574327198,
                            ),
                            Some(
                                -0.19321030192935854,
                            ),
                            Some(
                                -0.18862789459343224,
                            ),
                            Some(
                                -0.17980986616931807,
                            ),
                            Some(
                                -0.16706372328531904,
                            ),
                            Some(
                                -0.15081639831653415,
                            ),
                            Some(
                                -0.13160003779650026,
                            ),
                            Some(
                                -0.11003427614686524,
                            ),
                            Some(
                                -0.08680555555555575,
                            ),
                            Some(
                                -0.06264415013458394,
                            ),
                            Some(
                                -0.038299630007609595,
                            ),
                            Some(
                                -0.014515556259320248,
                            ),
                            Some(
                                0.007995771092671846,
                            ),
                            Some(
                                0.028577683889081155,
                            ),
                            Some(
                                0.046651826681108496,
                            ),
                            Some(
                                0.06173838366289987,
                            ),
                            Some(
                                0.073473156536559,
                            ),
                            Some(
                                0.07995515685685908,
                            ),
                            Some(
                                0.08264097294700362,
                            ),
                            Some(
                                0.08179650066307473,
                            ),
                            Some(
                                0.07779836887476675,
                            ),
                            Some(
                                0.07111871087041237,
                            ),
                            Some(
                                0.062307333358320546,
                            ),
                            Some(
                                0.05197181891867723,
                            ),
                            Some(
                                0.040756150030575235,
                            ),
                            Some(
                                0.02931847924757768,
                            ),
                            Some(
                                0.018308689847124346,
                            ),
                            Some(
                                0.008346393882198532,
                            ),
                            Some(
                                0.0,
                            ),
                            Some(
                                0.0014947148124081124,
                            ),
                            Some(
                                0.005916986347998366,
                            ),
                            Some(
                                0.013083116798044579,
                            ),
                            Some(
                                0.022693293125626044,
                            ),
                            Some(
                                0.034340927869795305,
                            ),
                            Some(
                                0.04752537285000197,
                            ),
                            Some(
                                0.06166765366591473,
                            ),
                            Some(
                                0.07612878813688338,
                            ),
                            Some(
                                0.09023017841752937,
                            ),
                            Some(
                                0.10327550639310516,
                            ),
                            Some(
                                0.11457351670118818,
                            ),
                            Some(
                                0.1234610425743923,
                            ),
                            Some(
                                0.12663133378110705,
                            ),
                            Some(
                                0.1261425614412566,
                            ),
                            Some(
                                0.12179730648963068,
                            ),
                            Some(
                                0.11353601500349081,
                            ),
                            Some(
                                0.1014387826492638,
                            ),
                            Some(
                                0.08572242077371041,
                            ),
                            Some(
                                0.06673295662398969,
                            ),
                            Some(
                                0.04493386199696554,
                            ),
                            Some(
                                0.020890435876295424,
                            ),
                            Some(
                                -0.00474911648988316,
                            ),
                            Some(
                                -0.03127526644434017,
                            ),
                            Some(
                                -0.057940686445302536,
                            ),
                            Some(
                                -0.08398494009149861,
                            ),
                            Some(
                                -0.10865952982672562,
                            ),
                            Some(
                                -0.1312524879057835,
                            ),
                            Some(
                                -0.1511117147277443,
                            ),
                            Some(
                                -0.16766631161888143,
                            ),
                            Some(
                                -0.18044522119361064,
                            ),
                            Some(
                                -0.18909257548315364,
                            ),
                            Some(
                                -0.1933792574327198,
                            ),
                            Some(
                                -0.19321030192935856,
                            ),
                            Some(
                                -0.1886278945934323,
                            ),
                            Some(
                                -0.17980986616931807,
                            ),
                            Some(
                                -0.16706372328531904,
                            ),
                            Some(
                                -0.15081639831653415,
                            ),
                            Some(
                                -0.13160003779650026,
                            ),
                            Some(
                                -0.11003427614686524,
                            ),
                            Some(
                                -0.08680555555555579,
                            ),
                            Some(
                                -0.06264415013458398,
                            ),
                            Some(
                                -0.03829963000760961,
                            ),
                            Some(
                                -0.014515556259320243,
                            ),
                            Some(
                                0.007995771092671846,
                            ),
                            Some(
                                0.028577683889081155,
                            ),
                            Some(
                                0.046651826681108496,
                            ),
                            Some(
                                0.06173838366289987,
                            ),
                            Some(
                                0.07347315653655907,
                            ),
                            Some(
                                0.07995515685685918,
                            ),
                            Some(
                                0.08264097294700351,
                            ),
                            Some(
                                0.08179650066307462,
                            ),
                            Some(
                                0.07779836887476675,
                            ),
                            Some(
                                0.07111871087041237,
                            ),
                            Some(
                                0.062307333358320546,
                            ),
                            Some(
                                0.05197181891867736,
                            ),
                            Some(
                                0.04075615003057537,
                            ),
                            Some(
                                0.029318479247577807,
                            ),
                            Some(
                                0.018308689847124224,
                            ),
                            Some(
                                0.008346393882198532,
                            ),
                            Some(
                                0.0,
                            ),
                            Some(
                                0.0014947148124081124,
                            ),
                            Some(
                                0.005916986347998366,
                            ),
                            Some(
                                0.013083116798044579,
                            ),
                            Some(
                                0.022693293125626044,
                            ),
                            Some(
                                0.034340927869795125,
                            ),
                            Some(
                                0.04752537285000176,
                            ),
                            Some(
                                0.06166765366591449,
                            ),
                            Some(
                                0.07612878813688313,
                            ),
                            Some(
                                0.09023017841752963,
                            ),
                            Some(
                                0.10327550639310543,
                            ),
                            Some(
                                0.11457351670118845,
                            ),
                            Some(
                                0.1234610425743923,
                            ),
                            Some(
                                0.12663133378110705,
                            ),
                            Some(
                                0.1261425614412566,
                            ),
                            Some(
                                0.12179730648963068,
                            ),
                            Some(
                                0.11353601500349081,
                            ),
                            Some(
                                0.1014387826492638,
                            ),
                            Some(
                                0.08572242077371041,
                            ),
                            Some(
                                0.06673295662398969,
                            ),
                            Some(
                                0.04493386199696551,
                            ),
                            Some(
                                0.020890435876295414,
                            ),
                            Some(
                                -0.004749116489883159,
                            ),
                            Some(
                                -0.03127526644434016,
                            ),
                            Some(
                                -0.05794068644530256,
                            ),
                            Some(
                                -0.08398494009149864,
                            ),
                            Some(
                                -0.10865952982672564,
                            ),
                            Some(
                                -0.13125248790578353,
                            ),
                            Some(
                                -0.1511117147277443,
                            ),
                            Some(
                                -0.16766631161888143,
                            ),
                            Some(
                                -0.18044522119361064,
                            ),
                            Some(
                                -0.18909257548315364,
                            ),
                            Some(
                                -0.1933792574327198,
                            ),
                            Some(
                                -0.19321030192935856,
                            ),
                            Some(
                                -0.1886278945934323,
                            ),
                            Some(
                                -0.17980986616931813,
                            ),
                            Some(
                                -0.16706372328531913,
                            ),
                            Some(
                                -0.1508163983165342,
                            ),
                            Some(
                                -0.13160003779650034,
                            ),
                            Some(
                                -0.11003427614686517,
                            ),
                            Some(
                                -0.08680555555555572,
                            ),
                            Some(
                                -0.06264415013458392,
                            ),
                            Some(
                                -0.03829963000760958,
                            ),
                            Some(
                                -0.014515556259320243,
                            ),
                            Some(
                                0.007995771092671846,
                            ),
                            Some(
                                0.028577683889081155,
                            ),
                            Some(
                                0.046651826681108496,
                            ),
                            Some(
                                0.06173838366289987,
                            ),
                            Some(
                                0.07347315653655907,
                            ),
                            Some(
                                0.07995515685685918,
                            ),
                            Some(
                                0.08264097294700373,
                            ),
                            Some(
                                0.08179650066307485,
                            ),
                            Some(
                                0.077798368874767,
                            ),
                            Some(
                                0.07111871087041265,
                            ),
                            Some(
                                0.06230733335832027,
                            ),
                            Some(
                                0.05197181891867709,
                            ),
                            Some(
                                0.040756150030575096,
                            ),
                            Some(
                                0.029318479247577547,
                            ),
                            Some(
                                0.018308689847124224,
                            ),
                            Some(
                                0.008346393882198532,
                            ),
                            Some(
                                0.0,
                            ),
                            Some(
                                0.0014947148124081124,
                            ),
                            Some(
                                0.005916986347998366,
                            ),
                            Some(
                                0.013083116798044579,
                            ),
                            Some(
                                0.022693293125626044,
                            ),
                            Some(
                                0.034340927869795125,
                            ),
                            Some(
                                0.04752537285000176,
                            ),
                            Some(
                                0.06166765366591449,
                            ),
                            Some(
                                0.07612878813688313,
                            ),
                            Some(
                                0.0902301784175291,
                            ),
                            Some(
                                0.10327550639310543,
                            ),
                            Some(
                                0.11457351670118845,
                            ),
                            Some(
                                0.1234610425743923,
                            ),
                            Some(
                                0.12663133378110705,
                            ),
                            Some(
                                0.1261425614412566,
                            ),
                            Some(
                                0.12179730648963068,
                            ),
                            Some(
                                0.11353601500349081,
                            ),
                            Some(
                                0.1014387826492638,
                            ),
                            Some(
                                0.08572242077371041,
                            ),
                            Some(
                                0.06673295662398969,
                            ),
                            Some(
                                0.04493386199696551,
                            ),
                            Some(
                                0.020890435876295414,
                            ),
                            Some(
                                -0.004749116489883159,
                            ),
                            Some(
                                -0.03127526644434016,
                            ),
                            Some(
                                -0.057940686445302515,
                            ),
                            Some(
                                -0.08398494009149864,
                            ),
                            Some(
                                -0.10865952982672564,
                            ),
                            Some(
                                -0.13125248790578353,
                            ),
                            Some(
                                -0.1511117147277443,
                            ),
                            Some(
                                -0.16766631161888143,
                            ),
                            Some(
                                -0.18044522119361064,
                            ),
                            Some(
                                -0.18909257548315364,
                            ),
                            Some(
                                -0.1933792574327198,
                            ),
                            Some(
                                -0.19321030192935856,
                            ),
                            Some(
                                -0.1886278945934323,
                            ),
                            Some(
                                -0.17980986616931813,
                            ),
                            Some(
                                -0.16706372328531913,
                            ),
                            Some(
                                -0.1508163983165342,
                            ),
                            Some(
                                -0.13160003779650034,
                            ),
                            Some(
                                -0.11003427614686528,
                            ),
                            Some(
                                -0.08680555555555572,
                            ),
                            Some(
                                -0.06264415013458392,
                            ),
                            Some(
                                -0.03829963000760958,
                            ),
                            Some(
                                -0.014515556259320243,
                            ),
                            Some(
                                0.007995771092671846,
                            ),
                            Some(
                                0.028577683889081155,
                            ),
                            Some(
                                0.046651826681108496,
                            ),
                            Some(
                                0.06173838366289987,
                            ),
                            Some(
                                0.07347315653655907,
                            ),
                            Some(
                                0.07995515685685918,
                            ),
                            Some(
                                0.08264097294700373,
                            ),
                            Some(
                                0.08179650066307485,
                            ),
                            Some(
                                0.077798368874767,
                            ),
                            Some(
                                0.07111871087041265,
                            ),
                            Some(
                                0.062307333358320824,
                            ),
                            Some(
                                0.05197181891867709,
                            ),
                            Some(
                                0.040756150030575096,
                            ),
                            Some(
                                0.029318479247577547,
                            ),
                            Some(
                                0.018308689847124224,
                            ),
                            Some(
                                0.008346393882198532,
                            ),
                            Some(
                                0.0,
                            ),
                            Some(
                                0.0014947148124080326,
                            ),
                            Some(
                                0.005916986347998366,
                            ),
                            Some(
                                0.013083116798044811,
                            ),
                            Some(
                                0.022693293125626044,
                            ),
                            Some(
                                0.03434092786979549,
                            ),
                            Some(
                                0.04752537285000176,
                            ),
                            Some(
                                0.061667653665914965,
                            ),
                            Some(
                                0.07612878813688313,
                            ),
                            Some(
                                0.09023017841752963,
                            ),
                            Some(
                                0.10327550639310489,
                            ),
                            Some(
                                0.11457351670118845,
                            ),
                            Some(
                                0.12346104257439178,
                            ),
                            Some(
                                0.12663133378110705,
                            ),
                            Some(
                                0.12614256144125627,
                            ),
                            Some(
                                0.12179730648963068,
                            ),
                            Some(
                                0.11353601500349056,
                            ),
                            Some(
                                0.1014387826492638,
                            ),
                            Some(
                                0.08572242077371056,
                            ),
                            Some(
                                0.06673295662398969,
                            ),
                            Some(
                                0.04493386199696557,
                            ),
                            Some(
                                0.020890435876295414,
                            ),
                            Some(
                                -0.004749116489883164,
                            ),
                            Some(
                                -0.03127526644434016,
                            ),
                            Some(
                                -0.05794068644530256,
                            ),
                            Some(
                                -0.08398494009149858,
                            ),
                            Some(
                                -0.10865952982672564,
                            ),
                            Some(
                                -0.1312524879057835,
                            ),
                            Some(
                                -0.1511117147277443,
                            ),
                            Some(
                                -0.1676663116188814,
                            ),
                            Some(
                                -0.18044522119361064,
                            ),
                            Some(
                                -0.18909257548315367,
                            ),
                            Some(
                                -0.1933792574327198,
                            ),
                            Some(
                                -0.1932103019293585,
                            ),
                            Some(
                                -0.1886278945934323,
                            ),
                            Some(
                                -0.17980986616931802,
                            ),
                            Some(
                                -0.16706372328531913,
                            ),
                            Some(
                                -0.15081639831653407,
                            ),
                            Some(
                                -0.13160003779650034,
                            ),
                            Some(
                                -0.11003427614686517,
                            ),
                            Some(
                                -0.08680555555555584,
                            ),
                            Some(
                                -0.06264415013458392,
                            ),
                            Some(
                                -0.03829963000760964,
                            ),
                            Some(
                                -0.014515556259320243,
                            ),
                            Some(
                                0.007995771092671862,
                            ),
                            Some(
                                0.028577683889081155,
                            ),
                            Some(
                                0.046651826681108614,
                            ),
                            Some(
                                0.06173838366289987,
                            ),
                            Some(
                                0.07347315653655875,
                            ),
                            Some(
                                0.07995515685685918,
                            ),
                            Some(
                                0.08264097294700329,
                            ),
                            Some(
                                0.08179650066307485,
                            ),
                            Some(
                                0.07779836887476649,
                            ),
                            Some(
                                0.07111871087041265,
                            ),
                            Some(
                                0.06230733335832027,
                            ),
                            Some(
                                0.05197181891867764,
                            ),
                            Some(
                                0.040756150030575096,
                            ),
                            Some(
                                0.029318479247578067,
                            ),
                            Some(
                                0.018308689847124224,
                            ),
                            Some(
                                0.008346393882198976,
                            ),
                            Some(
                                0.0,
                            ),
                            Some(
                                0.0014947148124080326,
                            ),
                            Some(
                                0.005916986347998366,
                            ),
                            Some(
                                0.013083116798044811,
                            ),
                            Some(
                                0.022693293125626044,
                            ),
                            Some(
                                0.03434092786979549,
                            ),
                            Some(
                                0.04752537285000176,
                            ),
                            Some(
                                0.061667653665914965,
                            ),
                            Some(
                                0.07612878813688313,
                            ),
                            Some(
                                0.09023017841752963,
                            ),
                            Some(
                                0.10327550639310489,
                            ),
                            Some(
                                0.11457351670118845,
                            ),
                            Some(
                                0.12346104257439178,
                            ),
                            Some(
                                0.12663133378110705,
                            ),
                            Some(
                                0.12614256144125627,
                            ),
                            Some(
                                0.12179730648963068,
                            ),
                            Some(
                                0.11353601500349056,
                            ),
                            Some(
                                0.1014387826492638,
                            ),
                            Some(
                                0.08572242077371056,
                            ),
                            Some(
                                0.06673295662398969,
                            ),
                            Some(
                                0.04493386199696557,
                            ),
                            Some(
                                0.020890435876295414,
                            ),
                            Some(
                                -0.004749116489883164,
                            ),
                            Some(
                                -0.03127526644434016,
                            ),
                            Some(
                                -0.05794068644530256,
                            ),
                            Some(
                                -0.08398494009149858,
                            ),
                            Some(
                                -0.10865952982672564,
                            ),
                            Some(
                                -0.1312524879057835,
                            ),
                            Some(
                                -0.1511117147277443,
                            ),
                            Some(
                                -0.1676663116188814,
                            ),
                            Some(
                                -0.18044522119361064,
                            ),
                            Some(
                                -0.18909257548315367,
                            ),
                            Some(
                                -0.1933792574327198,
                            ),
                            Some(
                                -0.1932103019293585,
                            ),
                            Some(
                                -0.1886278945934323,
                            ),
                            Some(
                                -0.17980986616931802,
                            ),
                            Some(
                                -0.16706372328531913,
                            ),
                            Some(
                                -0.15081639831653407,
                            ),
                            Some(
                                -0.13160003779650034,
                            ),
                            Some(
                                -0.11003427614686517,
                            ),
                            Some(
                                -0.08680555555555584,
                            ),
                            Some(
                                -0.06264415013458392,
                            ),
                            Some(
                                -0.03829963000760964,
                            ),
                            Some(
                                -0.014515556259320243,
                            ),
                            Some(
                                0.007995771092671862,
                            ),
                            Some(
                                0.028577683889081155,
                            ),
                            Some(
                                0.046651826681108614,
                            ),
                            Some(
                                0.06173838366289987,
                            ),
                            Some(
                                0.07347315653655875,
                            ),
                            Some(
                                0.07995515685685918,
                            ),
                            Some(
                                0.08264097294700329,
                            ),
                            Some(
                                0.08179650066307485,
                            ),
                            Some(
                                0.07779836887476649,
                            ),
                            Some(
                                0.07111871087041265,
                            ),
                            Some(
                                0.06230733335832027,
                            ),
                            Some(
                                0.05197181891867764,
                            ),
                            Some(
                                0.040756150030575096,
                            ),
                            Some(
                                0.029318479247578067,
                            ),
                            Some(
                                0.018308689847124224,
                            ),
                            Some(
                                0.008346393882198976,
                            ),
                            Some(
                                0.0,
                            ),
                            Some(
                                0.0014947148124080326,
                            ),
                            Some(
                                0.005916986347998366,
                            ),
                            Some(
                                0.013083116798044346,
                            ),
                            Some(
                                0.022693293125626044,
                            ),
                            Some(
                                0.03434092786979549,
                            ),
                            Some(
                                0.04752537285000176,
                            ),
                            Some(
                                0.061667653665914965,
                            ),
                            Some(
                                0.07612878813688313,
                            ),
                            Some(
                                0.09023017841752963,
                            ),
                            Some(
                                0.10327550639310489,
                            ),
                            Some(
                                0.11457351670118845,
                            ),
                            Some(
                                0.12346104257439178,
                            ),
                            Some(
                                0.12663133378110705,
                            ),
                            Some(
                                0.12614256144125627,
                            ),
                            Some(
                                0.12179730648963068,
                            ),
                            Some(
                                0.11353601500349056,
                            ),
                            Some(
                                0.1014387826492638,
                            ),
                            Some(
                                0.08572242077371027,
                            ),
                            Some(
                                0.06673295662398969,
                            ),
                            Some(
                                0.04493386199696557,
                            ),
                            Some(
                                0.020890435876295414,
                            ),
                            Some(
                                -0.004749116489883164,
                            ),
                            Some(
                                -0.03127526644434016,
                            ),
                            Some(
                                -0.05794068644530256,
                            ),
                            Some(
                                -0.08398494009149858,
                            ),
                            Some(
                                -0.10865952982672564,
                            ),
                            Some(
                                -0.1312524879057835,
                            ),
                            Some(
                                -0.1511117147277443,
                            ),
                            Some(
                                -0.1676663116188814,
                            ),
                            Some(
                                -0.18044522119361064,
                            ),
                            Some(
                                -0.18909257548315367,
                            ),
                            Some(
                                -0.1933792574327198,
                            ),
                            Some(
                                -0.19321030192935865,
                            ),
                            Some(
                                -0.1886278945934323,
                            ),
                            Some(
                                -0.17980986616931802,
                            ),
                            Some(
                                -0.16706372328531913,
                            ),
                            Some(
                                -0.15081639831653407,
                            ),
                            Some(
                                -0.13160003779650034,
                            ),
                            Some(
                                -0.11003427614686517,
                            ),
                            Some(
                                -0.08680555555555584,
                            ),
                            Some(
                                -0.06264415013458392,
                            ),
                            Some(
                                -0.03829963000760964,
                            ),
                            Some(
                                -0.014515556259320243,
                            ),
                            Some(
                                0.007995771092671862,
                            ),
                            Some(
                                0.028577683889081155,
                            ),
                            Some(
                                0.046651826681108614,
                            ),
                            Some(
                                0.06173838366289987,
                            ),
                            Some(
                                0.07347315653655931,
                            ),
                            Some(
                                0.07995515685685918,
                            ),
                            Some(
                                0.08264097294700329,
                            ),
                            Some(
                                0.08179650066307485,
                            ),
                            Some(
                                0.07779836887476649,
                            ),
                            Some(
                                0.07111871087041265,
                            ),
                            Some(
                                0.06230733335832027,
                            ),
                            Some(
                                0.05197181891867764,
                            ),
                            Some(
                                0.040756150030575096,
                            ),
                            Some(
                                0.029318479247578067,
                            ),
                            Some(
                                0.018308689847124224,
                            ),
                            Some(
                                0.008346393882198976,
                            ),
                            Some(
                                0.0,
                            ),
                            Some(
                                0.0014947148124080326,
                            ),
                            Some(
                                0.005916986347998366,
                            ),
                            Some(
                                0.013083116798044346,
                            ),
                            Some(
                                0.022693293125626044,
                            ),
                            Some(
                                0.03434092786979549,
                            ),
                            Some(
                                0.04752537285000176,
                            ),
                            Some(
                                0.061667653665914965,
                            ),
                            Some(
                                0.07612878813688313,
                            ),
                            Some(
                                0.09023017841752963,
                            ),
                            Some(
                                0.10327550639310489,
                            ),
                            Some(
                                0.11457351670118845,
                            ),
                            Some(
                                0.12346104257439178,
                            ),
                            Some(
                                0.12663133378110705,
                            ),
                            Some(
                                0.12614256144125627,
                            ),
                            Some(
                                0.12179730648963068,
                            ),
                            Some(
                                0.11353601500349056,
                            ),
                            Some(
                                0.1014387826492638,
                            ),
                            Some(
                                0.08572242077371027,
                            ),
                            Some(
                                0.06673295662398969,
                            ),
                            Some(
                                0.04493386199696557,
                            ),
                            Some(
                                0.020890435876295414,
                            ),
                            Some(
                                -0.004749116489883164,
                            ),
                            Some(
                                -0.03127526644434016,
                            ),
                            Some(
                                -0.05794068644530256,
                            ),
                            Some(
                                -0.08398494009149858,
                            ),
                            Some(
                                -0.10865952982672564,
                            ),
                            Some(
                                -0.1312524879057835,
                            ),
                            Some(
                                -0.1511117147277443,
                            ),
                            Some(
                                -0.1676663116188814,
                            ),
                            Some(
                                -0.18044522119361064,
                            ),
                            Some(
                                -0.18909257548315367,
                            ),
                            Some(
                                -0.1933792574327198,
                            ),
                            Some(
                                -0.19321030192935865,
                            ),
                            Some(
                                -0.1886278945934323,
                            ),
                            Some(
                                -0.17980986616931802,
                            ),
                            Some(
                                -0.16706372328531913,
                            ),
                            Some(
                                -0.15081639831653407,
                            ),
                            Some(
                                -0.13160003779650034,
                            ),
                            Some(
                                -0.11003427614686517,
                            ),
                            Some(
                                -0.08680555555555584,
                            ),
                            Some(
                                -0.06264415013458392,
                            ),
                            Some(
                                -0.03829963000760964,
                            ),
                            Some(
                                -0.014515556259320243,
                            ),
                            Some(
                                0.007995771092671862,
                            ),
                            Some(
                                0.028577683889081155,
                            ),
                            Some(
                                0.046651826681108614,
                            ),
                            Some(
                                0.06173838366289987,
                            ),
                            Some(
                                0.07347315653655931,
                            ),
                            Some(
                                0.07995515685685918,
                            ),
                            Some(
                                0.08264097294700329,
                            ),
                            Some(
                                0.08179650066307485,
                            ),
                            Some(
                                0.07779836887476649,
                            ),
                            Some(
                                0.07111871087041265,
                            ),
                            Some(
                                0.06230733335832027,
                            ),
                            Some(
                                0.05197181891867764,
                            ),
                            Some(
                                0.040756150030575096,
                            ),
                            Some(
                                0.029318479247578067,
                            ),
                            Some(
                                0.018308689847124224,
                            ),
                            Some(
                                0.008346393882198976,
                            ),
                            Some(
                                0.0,
                            ),
                        ],
                        is_absolute: false,
                    },
                ),
            },
        ],
        time_signatures: [
            TimeSignature {
                measure_position: 0,
                numerator: 4,
                denominator: 4,
            },
        ],
        tempos: [
            Tempo {
                tick_position: 0,
                bpm: 120,
            },
        ],
        measure_prefix: 0,
    },
}
