---
source: crates/rust/tests/convert.rs
expression: parsed
---
UfData {
    format_version: 1,
    project: UfProject {
        name: "expla1n_self",
        tracks: [
            Track {
                name: "Track1",
                notes: [
                    Note {
                        key: 60,
                        tick_on: 1440,
                        tick_off: 1680,
                        lyric: "か",
                        phoneme: None,
                    },
                    Note {
                        key: 62,
                        tick_on: 1680,
                        tick_off: 1920,
                        lyric: "り",
                        phoneme: None,
                    },
                    Note {
                        key: 64,
                        tick_on: 1920,
                        tick_off: 2400,
                        lyric: "も",
                        phoneme: None,
                    },
                    Note {
                        key: 72,
                        tick_on: 2400,
                        tick_off: 2640,
                        lyric: "の",
                        phoneme: None,
                    },
                    Note {
                        key: 69,
                        tick_on: 2640,
                        tick_off: 2880,
                        lyric: "の",
                        phoneme: None,
                    },
                    Note {
                        key: 67,
                        tick_on: 2880,
                        tick_off: 3360,
                        lyric: "こ",
                        phoneme: None,
                    },
                    Note {
                        key: 69,
                        tick_on: 3360,
                        tick_off: 3600,
                        lyric: "え",
                        phoneme: None,
                    },
                    Note {
                        key: 67,
                        tick_on: 3600,
                        tick_off: 3840,
                        lyric: "と",
                        phoneme: None,
                    },
                    Note {
                        key: 67,
                        tick_on: 3840,
                        tick_off: 4080,
                        lyric: "う",
                        phoneme: None,
                    },
                    Note {
                        key: 69,
                        tick_on: 4080,
                        tick_off: 4320,
                        lyric: "た",
                        phoneme: None,
                    },
                    Note {
                        key: 67,
                        tick_on: 4320,
                        tick_off: 4560,
                        lyric: "あ",
                        phoneme: None,
                    },
                    Note {
                        key: 62,
                        tick_on: 4560,
                        tick_off: 4800,
                        lyric: "わ",
                        phoneme: None,
                    },
                    Note {
                        key: 64,
                        tick_on: 4800,
                        tick_off: 5220,
                        lyric: "せ",
                        phoneme: None,
                    },
                    Note {
                        key: 60,
                        tick_on: 5280,
                        tick_off: 5520,
                        lyric: "ひ",
                        phoneme: None,
                    },
                    Note {
                        key: 62,
                        tick_on: 5520,
                        tick_off: 5760,
                        lyric: "ろ",
                        phoneme: None,
                    },
                    Note {
                        key: 64,
                        tick_on: 5760,
                        tick_off: 6120,
                        lyric: "お",
                        phoneme: None,
                    },
                    Note {
                        key: 64,
                        tick_on: 6120,
                        tick_off: 6240,
                        lyric: "",
                        phoneme: None,
                    },
                    Note {
                        key: 69,
                        tick_on: 6240,
                        tick_off: 6600,
                        lyric: "た",
                        phoneme: None,
                    },
                    Note {
                        key: 68,
                        tick_on: 6600,
                        tick_off: 6720,
                        lyric: "あ",
                        phoneme: None,
                    },
                    Note {
                        key: 67,
                        tick_on: 6720,
                        tick_off: 7200,
                        lyric: "こ",
                        phoneme: None,
                    },
                    Note {
                        key: 69,
                        tick_on: 7200,
                        tick_off: 7440,
                        lyric: "ど",
                        phoneme: None,
                    },
                    Note {
                        key: 69,
                        tick_on: 7440,
                        tick_off: 7680,
                        lyric: "な",
                        phoneme: None,
                    },
                    Note {
                        key: 72,
                        tick_on: 7680,
                        tick_off: 7920,
                        lyric: "ら",
                        phoneme: None,
                    },
                    Note {
                        key: 74,
                        tick_on: 7920,
                        tick_off: 8160,
                        lyric: "し",
                        phoneme: None,
                    },
                    Note {
                        key: 72,
                        tick_on: 8160,
                        tick_off: 8400,
                        lyric: "な",
                        phoneme: None,
                    },
                    Note {
                        key: 67,
                        tick_on: 8400,
                        tick_off: 8640,
                        lyric: "が",
                        phoneme: None,
                    },
                    Note {
                        key: 69,
                        tick_on: 8640,
                        tick_off: 9360,
                        lyric: "ら",
                        phoneme: None,
                    },
                    Note {
                        key: 67,
                        tick_on: 9600,
                        tick_off: 9840,
                        lyric: "こ",
                        phoneme: None,
                    },
                    Note {
                        key: 67,
                        tick_on: 9840,
                        tick_off: 10080,
                        lyric: "と",
                        phoneme: None,
                    },
                    Note {
                        key: 69,
                        tick_on: 10080,
                        tick_off: 10320,
                        lyric: "ば",
                        phoneme: None,
                    },
                    Note {
                        key: 67,
                        tick_on: 10320,
                        tick_off: 10560,
                        lyric: "を",
                        phoneme: None,
                    },
                    Note {
                        key: 67,
                        tick_on: 10560,
                        tick_off: 10800,
                        lyric: "つ",
                        phoneme: None,
                    },
                    Note {
                        key: 69,
                        tick_on: 10800,
                        tick_off: 11040,
                        lyric: "む",
                        phoneme: None,
                    },
                    Note {
                        key: 67,
                        tick_on: 11040,
                        tick_off: 11280,
                        lyric: "い",
                        phoneme: None,
                    },
                    Note {
                        key: 67,
                        tick_on: 11280,
                        tick_off: 11520,
                        lyric: "で",
                        phoneme: None,
                    },
                    Note {
                        key: 67,
                        tick_on: 11520,
                        tick_off: 11760,
                        lyric: "う",
                        phoneme: None,
                    },
                    Note {
                        key: 72,
                        tick_on: 11760,
                        tick_off: 12000,
                        lyric: "ち",
                        phoneme: None,
                    },
                    Note {
                        key: 69,
                        tick_on: 12000,
                        tick_off: 12240,
                        lyric: "こ",
                        phoneme: None,
                    },
                    Note {
                        key: 67,
                        tick_on: 12240,
                        tick_off: 12480,
                        lyric: "ん",
                        phoneme: None,
                    },
                    Note {
                        key: 69,
                        tick_on: 12480,
                        tick_off: 12720,
                        lyric: "で",
                        phoneme: None,
                    },
                    Note {
                        key: 64,
                        tick_on: 12960,
                        tick_off: 13200,
                        lyric: "わ",
                        phoneme: None,
                    },
                    Note {
                        key: 67,
                        tick_on: 13200,
                        tick_off: 13440,
                        lyric: "た",
                        phoneme: None,
                    },
                    Note {
                        key: 69,
                        tick_on: 13440,
                        tick_off: 13800,
                        lyric: "し",
                        phoneme: None,
                    },
                    Note {
                        key: 70,
                        tick_on: 13800,
                        tick_off: 13920,
                        lyric: "い",
                        phoneme: None,
                    },
                    Note {
                        key: 67,
                        tick_on: 13920,
                        tick_off: 14160,
                        lyric: "わ",
                        phoneme: None,
                    },
                    Note {
                        key: 64,
                        tick_on: 14160,
                        tick_off: 14400,
                        lyric: "う",
                        phoneme: None,
                    },
                    Note {
                        key: 64,
                        tick_on: 14400,
                        tick_off: 14640,
                        lyric: "た",
                        phoneme: None,
                    },
                    Note {
                        key: 62,
                        tick_on: 14640,
                        tick_off: 14880,
                        lyric: "を",
                        phoneme: None,
                    },
                    Note {
                        key: 62,
                        tick_on: 14880,
                        tick_off: 15120,
                        lyric: "う",
                        phoneme: None,
                    },
                    Note {
                        key: 64,
                        tick_on: 15120,
                        tick_off: 15360,
                        lyric: "た",
                        phoneme: None,
                    },
                    Note {
                        key: 62,
                        tick_on: 15360,
                        tick_off: 16320,
                        lyric: "う",
                        phoneme: None,
                    },
                    Note {
                        key: 60,
                        tick_on: 16320,
                        tick_off: 16740,
                        lyric: "う",
                        phoneme: None,
                    },
                    Note {
                        key: 60,
                        tick_on: 16800,
                        tick_off: 17040,
                        lyric: "か",
                        phoneme: None,
                    },
                    Note {
                        key: 62,
                        tick_on: 17040,
                        tick_off: 17280,
                        lyric: "り",
                        phoneme: None,
                    },
                    Note {
                        key: 64,
                        tick_on: 17280,
                        tick_off: 17760,
                        lyric: "も",
                        phoneme: None,
                    },
                    Note {
                        key: 72,
                        tick_on: 17760,
                        tick_off: 18000,
                        lyric: "の",
                        phoneme: None,
                    },
                    Note {
                        key: 69,
                        tick_on: 18000,
                        tick_off: 18240,
                        lyric: "で",
                        phoneme: None,
                    },
                    Note {
                        key: 67,
                        tick_on: 18240,
                        tick_off: 18720,
                        lyric: "う",
                        phoneme: None,
                    },
                    Note {
                        key: 69,
                        tick_on: 18720,
                        tick_off: 18960,
                        lyric: "た",
                        phoneme: None,
                    },
                    Note {
                        key: 67,
                        tick_on: 18960,
                        tick_off: 19200,
                        lyric: "を",
                        phoneme: None,
                    },
                    Note {
                        key: 67,
                        tick_on: 19200,
                        tick_off: 19440,
                        lyric: "く",
                        phoneme: None,
                    },
                    Note {
                        key: 69,
                        tick_on: 19440,
                        tick_off: 19680,
                        lyric: "み",
                        phoneme: None,
                    },
                    Note {
                        key: 67,
                        tick_on: 19680,
                        tick_off: 19920,
                        lyric: "な",
                        phoneme: None,
                    },
                    Note {
                        key: 64,
                        tick_on: 19920,
                        tick_off: 20160,
                        lyric: "が",
                        phoneme: None,
                    },
                    Note {
                        key: 62,
                        tick_on: 20160,
                        tick_off: 20580,
                        lyric: "ら",
                        phoneme: None,
                    },
                    Note {
                        key: 60,
                        tick_on: 20640,
                        tick_off: 20880,
                        lyric: "わ",
                        phoneme: None,
                    },
                    Note {
                        key: 62,
                        tick_on: 20880,
                        tick_off: 21120,
                        lyric: "た",
                        phoneme: None,
                    },
                    Note {
                        key: 64,
                        tick_on: 21120,
                        tick_off: 21600,
                        lyric: "し",
                        phoneme: None,
                    },
                    Note {
                        key: 69,
                        tick_on: 21600,
                        tick_off: 22080,
                        lyric: "わ",
                        phoneme: None,
                    },
                    Note {
                        key: 67,
                        tick_on: 22080,
                        tick_off: 22320,
                        lyric: "う",
                        phoneme: None,
                    },
                    Note {
                        key: 67,
                        tick_on: 22320,
                        tick_off: 22560,
                        lyric: "た",
                        phoneme: None,
                    },
                    Note {
                        key: 69,
                        tick_on: 22560,
                        tick_off: 22800,
                        lyric: "を",
                        phoneme: None,
                    },
                    Note {
                        key: 72,
                        tick_on: 22800,
                        tick_off: 23040,
                        lyric: "う",
                        phoneme: None,
                    },
                    Note {
                        key: 74,
                        tick_on: 23040,
                        tick_off: 23280,
                        lyric: "た",
                        phoneme: None,
                    },
                    Note {
                        key: 76,
                        tick_on: 23280,
                        tick_off: 23520,
                        lyric: "あ",
                        phoneme: None,
                    },
                    Note {
                        key: 72,
                        tick_on: 23520,
                        tick_off: 23760,
                        lyric: "て",
                        phoneme: None,
                    },
                    Note {
                        key: 67,
                        tick_on: 23760,
                        tick_off: 24000,
                        lyric: "い",
                        phoneme: None,
                    },
                    Note {
                        key: 69,
                        tick_on: 24000,
                        tick_off: 24420,
                        lyric: "る",
                        phoneme: None,
                    },
                    Note {
                        key: 64,
                        tick_on: 24480,
                        tick_off: 24720,
                        lyric: "メ",
                        phoneme: None,
                    },
                    Note {
                        key: 67,
                        tick_on: 24720,
                        tick_off: 24960,
                        lyric: "ろ",
                        phoneme: None,
                    },
                    Note {
                        key: 69,
                        tick_on: 24960,
                        tick_off: 25440,
                        lyric: "ディ",
                        phoneme: None,
                    },
                    Note {
                        key: 64,
                        tick_on: 25440,
                        tick_off: 25680,
                        lyric: "も",
                        phoneme: None,
                    },
                    Note {
                        key: 67,
                        tick_on: 25680,
                        tick_off: 25920,
                        lyric: "か",
                        phoneme: None,
                    },
                    Note {
                        key: 69,
                        tick_on: 25920,
                        tick_off: 26400,
                        lyric: "し",
                        phoneme: None,
                    },
                    Note {
                        key: 64,
                        tick_on: 26400,
                        tick_off: 26640,
                        lyric: "も",
                        phoneme: None,
                    },
                    Note {
                        key: 67,
                        tick_on: 26640,
                        tick_off: 26880,
                        lyric: "な",
                        phoneme: None,
                    },
                    Note {
                        key: 67,
                        tick_on: 26880,
                        tick_off: 27120,
                        lyric: "に",
                        phoneme: None,
                    },
                    Note {
                        key: 69,
                        tick_on: 27120,
                        tick_off: 27360,
                        lyric: "も",
                        phoneme: None,
                    },
                    Note {
                        key: 67,
                        tick_on: 27360,
                        tick_off: 27600,
                        lyric: "し",
                        phoneme: None,
                    },
                    Note {
                        key: 72,
                        tick_on: 27600,
                        tick_off: 27840,
                        lyric: "ら",
                        phoneme: None,
                    },
                    Note {
                        key: 69,
                        tick_on: 27840,
                        tick_off: 28260,
                        lyric: "ず",
                        phoneme: None,
                    },
                    Note {
                        key: 64,
                        tick_on: 28320,
                        tick_off: 28560,
                        lyric: "た",
                        phoneme: None,
                    },
                    Note {
                        key: 67,
                        tick_on: 28560,
                        tick_off: 28800,
                        lyric: "だ",
                        phoneme: None,
                    },
                    Note {
                        key: 69,
                        tick_on: 28800,
                        tick_off: 29040,
                        lyric: "け",
                        phoneme: None,
                    },
                    Note {
                        key: 67,
                        tick_on: 29040,
                        tick_off: 29280,
                        lyric: "え",
                        phoneme: None,
                    },
                    Note {
                        key: 67,
                        tick_on: 29280,
                        tick_off: 29520,
                        lyric: "き",
                        phoneme: None,
                    },
                    Note {
                        key: 64,
                        tick_on: 29520,
                        tick_off: 29760,
                        lyric: "を",
                        phoneme: None,
                    },
                    Note {
                        key: 64,
                        tick_on: 29760,
                        tick_off: 30000,
                        lyric: "さ",
                        phoneme: None,
                    },
                    Note {
                        key: 62,
                        tick_on: 30000,
                        tick_off: 30240,
                        lyric: "わ",
                        phoneme: None,
                    },
                    Note {
                        key: 62,
                        tick_on: 30240,
                        tick_off: 30480,
                        lyric: "り",
                        phoneme: None,
                    },
                    Note {
                        key: 62,
                        tick_on: 30480,
                        tick_off: 30720,
                        lyric: "あ",
                        phoneme: None,
                    },
                    Note {
                        key: 64,
                        tick_on: 30720,
                        tick_off: 30960,
                        lyric: "そ",
                        phoneme: None,
                    },
                    Note {
                        key: 67,
                        tick_on: 30960,
                        tick_off: 31200,
                        lyric: "ん",
                        phoneme: None,
                    },
                    Note {
                        key: 64,
                        tick_on: 31200,
                        tick_off: 31440,
                        lyric: "で",
                        phoneme: None,
                    },
                    Note {
                        key: 62,
                        tick_on: 31440,
                        tick_off: 31680,
                        lyric: "い",
                        phoneme: None,
                    },
                    Note {
                        key: 60,
                        tick_on: 31680,
                        tick_off: 32040,
                        lyric: "る",
                        phoneme: None,
                    },
                    Note {
                        key: 60,
                        tick_on: 47520,
                        tick_off: 47760,
                        lyric: "め",
                        phoneme: None,
                    },
                    Note {
                        key: 62,
                        tick_on: 47760,
                        tick_off: 48000,
                        lyric: "ろ",
                        phoneme: None,
                    },
                    Note {
                        key: 64,
                        tick_on: 48000,
                        tick_off: 48960,
                        lyric: "でぃ",
                        phoneme: None,
                    },
                    Note {
                        key: 72,
                        tick_on: 48960,
                        tick_off: 49440,
                        lyric: "い",
                        phoneme: None,
                    },
                    Note {
                        key: 69,
                        tick_on: 49440,
                        tick_off: 49920,
                        lyric: "を",
                        phoneme: None,
                    },
                    Note {
                        key: 67,
                        tick_on: 49920,
                        tick_off: 50160,
                        lyric: "う",
                        phoneme: None,
                    },
                    Note {
                        key: 69,
                        tick_on: 50160,
                        tick_off: 50400,
                        lyric: "ち",
                        phoneme: None,
                    },
                    Note {
                        key: 67,
                        tick_on: 50400,
                        tick_off: 50640,
                        lyric: "こ",
                        phoneme: None,
                    },
                    Note {
                        key: 64,
                        tick_on: 50640,
                        tick_off: 50880,
                        lyric: "ん",
                        phoneme: None,
                    },
                    Note {
                        key: 69,
                        tick_on: 50880,
                        tick_off: 51120,
                        lyric: "で",
                        phoneme: None,
                    },
                    Note {
                        key: 67,
                        tick_on: 51360,
                        tick_off: 51600,
                        lyric: "せ",
                        phoneme: None,
                    },
                    Note {
                        key: 64,
                        tick_on: 51600,
                        tick_off: 51840,
                        lyric: "ん",
                        phoneme: None,
                    },
                    Note {
                        key: 60,
                        tick_on: 51840,
                        tick_off: 52800,
                        lyric: "り",
                        phoneme: None,
                    },
                    Note {
                        key: 72,
                        tick_on: 52800,
                        tick_off: 53280,
                        lyric: "つ",
                        phoneme: None,
                    },
                    Note {
                        key: 69,
                        tick_on: 53280,
                        tick_off: 53520,
                        lyric: "を",
                        phoneme: None,
                    },
                    Note {
                        key: 69,
                        tick_on: 53520,
                        tick_off: 53760,
                        lyric: "く",
                        phoneme: None,
                    },
                    Note {
                        key: 67,
                        tick_on: 53760,
                        tick_off: 54000,
                        lyric: "み",
                        phoneme: None,
                    },
                    Note {
                        key: 69,
                        tick_on: 54000,
                        tick_off: 54240,
                        lyric: "あ",
                        phoneme: None,
                    },
                    Note {
                        key: 67,
                        tick_on: 54240,
                        tick_off: 54480,
                        lyric: "げ",
                        phoneme: None,
                    },
                    Note {
                        key: 64,
                        tick_on: 54480,
                        tick_off: 54720,
                        lyric: "て",
                        phoneme: None,
                    },
                    Note {
                        key: 60,
                        tick_on: 54720,
                        tick_off: 55080,
                        lyric: "た",
                        phoneme: None,
                    },
                    Note {
                        key: 60,
                        tick_on: 55200,
                        tick_off: 55440,
                        lyric: "き",
                        phoneme: None,
                    },
                    Note {
                        key: 62,
                        tick_on: 55440,
                        tick_off: 55680,
                        lyric: "そ",
                        phoneme: None,
                    },
                    Note {
                        key: 64,
                        tick_on: 55680,
                        tick_off: 56640,
                        lyric: "く",
                        phoneme: None,
                    },
                    Note {
                        key: 72,
                        tick_on: 56640,
                        tick_off: 57120,
                        lyric: "う",
                        phoneme: None,
                    },
                    Note {
                        key: 69,
                        tick_on: 57120,
                        tick_off: 57600,
                        lyric: "も",
                        phoneme: None,
                    },
                    Note {
                        key: 67,
                        tick_on: 57600,
                        tick_off: 57840,
                        lyric: "き",
                        phoneme: None,
                    },
                    Note {
                        key: 69,
                        tick_on: 57840,
                        tick_off: 58080,
                        lyric: "ん",
                        phoneme: None,
                    },
                    Note {
                        key: 67,
                        tick_on: 58080,
                        tick_off: 58320,
                        lyric: "そ",
                        phoneme: None,
                    },
                    Note {
                        key: 64,
                        tick_on: 58320,
                        tick_off: 58560,
                        lyric: "く",
                        phoneme: None,
                    },
                    Note {
                        key: 69,
                        tick_on: 58560,
                        tick_off: 58800,
                        lyric: "も",
                        phoneme: None,
                    },
                    Note {
                        key: 69,
                        tick_on: 58800,
                        tick_off: 59040,
                        lyric: "",
                        phoneme: None,
                    },
                    Note {
                        key: 67,
                        tick_on: 59040,
                        tick_off: 59280,
                        lyric: "し",
                        phoneme: None,
                    },
                    Note {
                        key: 64,
                        tick_on: 59280,
                        tick_off: 59520,
                        lyric: "ら",
                        phoneme: None,
                    },
                    Note {
                        key: 60,
                        tick_on: 59520,
                        tick_off: 60480,
                        lyric: "ぬ",
                        phoneme: None,
                    },
                    Note {
                        key: 72,
                        tick_on: 60480,
                        tick_off: 60960,
                        lyric: "ま",
                        phoneme: None,
                    },
                    Note {
                        key: 69,
                        tick_on: 60960,
                        tick_off: 61440,
                        lyric: "ま",
                        phoneme: None,
                    },
                    Note {
                        key: 67,
                        tick_on: 61440,
                        tick_off: 61680,
                        lyric: "か",
                        phoneme: None,
                    },
                    Note {
                        key: 69,
                        tick_on: 61680,
                        tick_off: 61920,
                        lyric: "な",
                        phoneme: None,
                    },
                    Note {
                        key: 67,
                        tick_on: 61920,
                        tick_off: 62160,
                        lyric: "で",
                        phoneme: None,
                    },
                    Note {
                        key: 64,
                        tick_on: 62160,
                        tick_off: 62400,
                        lyric: "て",
                        phoneme: None,
                    },
                    Note {
                        key: 60,
                        tick_on: 62400,
                        tick_off: 62640,
                        lyric: "た",
                        phoneme: None,
                    },
                    Note {
                        key: 62,
                        tick_on: 62880,
                        tick_off: 63120,
                        lyric: "た",
                        phoneme: None,
                    },
                    Note {
                        key: 64,
                        tick_on: 63120,
                        tick_off: 63360,
                        lyric: "す",
                        phoneme: None,
                    },
                    Note {
                        key: 67,
                        tick_on: 63360,
                        tick_off: 64320,
                        lyric: "け",
                        phoneme: None,
                    },
                    Note {
                        key: 69,
                        tick_on: 64320,
                        tick_off: 64800,
                        lyric: "を",
                        phoneme: None,
                    },
                    Note {
                        key: 64,
                        tick_on: 64800,
                        tick_off: 65040,
                        lyric: "か",
                        phoneme: None,
                    },
                    Note {
                        key: 67,
                        tick_on: 65040,
                        tick_off: 65280,
                        lyric: "り",
                        phoneme: None,
                    },
                    Note {
                        key: 69,
                        tick_on: 65280,
                        tick_off: 66480,
                        lyric: "て",
                        phoneme: None,
                    },
                    Note {
                        key: 64,
                        tick_on: 66720,
                        tick_off: 66960,
                        lyric: "お",
                        phoneme: None,
                    },
                    Note {
                        key: 67,
                        tick_on: 66960,
                        tick_off: 67200,
                        lyric: "と",
                        phoneme: None,
                    },
                    Note {
                        key: 69,
                        tick_on: 67200,
                        tick_off: 68160,
                        lyric: "を",
                        phoneme: None,
                    },
                    Note {
                        key: 72,
                        tick_on: 68160,
                        tick_off: 68640,
                        lyric: "か",
                        phoneme: None,
                    },
                    Note {
                        key: 69,
                        tick_on: 68640,
                        tick_off: 68880,
                        lyric: "え",
                        phoneme: None,
                    },
                    Note {
                        key: 67,
                        tick_on: 68880,
                        tick_off: 70320,
                        lyric: "て",
                        phoneme: None,
                    },
                    Note {
                        key: 62,
                        tick_on: 70560,
                        tick_off: 70800,
                        lyric: "きょ",
                        phoneme: None,
                    },
                    Note {
                        key: 64,
                        tick_on: 70800,
                        tick_off: 71040,
                        lyric: "く",
                        phoneme: None,
                    },
                    Note {
                        key: 67,
                        tick_on: 71040,
                        tick_off: 72360,
                        lyric: "を",
                        phoneme: None,
                    },
                    Note {
                        key: 62,
                        tick_on: 72480,
                        tick_off: 72720,
                        lyric: "い",
                        phoneme: None,
                    },
                    Note {
                        key: 64,
                        tick_on: 72720,
                        tick_off: 72960,
                        lyric: "ろ",
                        phoneme: None,
                    },
                    Note {
                        key: 67,
                        tick_on: 72960,
                        tick_off: 73920,
                        lyric: "ど",
                        phoneme: None,
                    },
                    Note {
                        key: 69,
                        tick_on: 73920,
                        tick_off: 74160,
                        lyric: "お",
                        phoneme: None,
                    },
                    Note {
                        key: 69,
                        tick_on: 74160,
                        tick_off: 74400,
                        lyric: "",
                        phoneme: None,
                    },
                    Note {
                        key: 62,
                        tick_on: 74400,
                        tick_off: 74640,
                        lyric: "て",
                        phoneme: None,
                    },
                    Note {
                        key: 64,
                        tick_on: 74640,
                        tick_off: 74880,
                        lyric: "ゆ",
                        phoneme: None,
                    },
                    Note {
                        key: 67,
                        tick_on: 74880,
                        tick_off: 76800,
                        lyric: "く",
                        phoneme: None,
                    },
                    Note {
                        key: 62,
                        tick_on: 76800,
                        tick_off: 77760,
                        lyric: "う",
                        phoneme: None,
                    },
                    Note {
                        key: 60,
                        tick_on: 77760,
                        tick_off: 78000,
                        lyric: "う",
                        phoneme: None,
                    },
                    Note {
                        key: 62,
                        tick_on: 78240,
                        tick_off: 78480,
                        lyric: "な",
                        phoneme: None,
                    },
                    Note {
                        key: 64,
                        tick_on: 78480,
                        tick_off: 78720,
                        lyric: "ら",
                        phoneme: None,
                    },
                    Note {
                        key: 67,
                        tick_on: 78720,
                        tick_off: 79680,
                        lyric: "ん",
                        phoneme: None,
                    },
                    Note {
                        key: 69,
                        tick_on: 79680,
                        tick_off: 79920,
                        lyric: "だ",
                        phoneme: None,
                    },
                    Note {
                        key: 64,
                        tick_on: 79920,
                        tick_off: 80160,
                        lyric: "と",
                        phoneme: None,
                    },
                    Note {
                        key: 62,
                        tick_on: 80160,
                        tick_off: 80400,
                        lyric: "ら",
                        phoneme: None,
                    },
                    Note {
                        key: 64,
                        tick_on: 80400,
                        tick_off: 80640,
                        lyric: "あ",
                        phoneme: None,
                    },
                    Note {
                        key: 67,
                        tick_on: 80640,
                        tick_off: 81840,
                        lyric: "く",
                        phoneme: None,
                    },
                    Note {
                        key: 62,
                        tick_on: 82080,
                        tick_off: 82320,
                        lyric: "な",
                        phoneme: None,
                    },
                    Note {
                        key: 64,
                        tick_on: 82320,
                        tick_off: 82560,
                        lyric: "が",
                        phoneme: None,
                    },
                    Note {
                        key: 67,
                        tick_on: 82560,
                        tick_off: 83520,
                        lyric: "し",
                        phoneme: None,
                    },
                    Note {
                        key: 72,
                        tick_on: 83520,
                        tick_off: 84000,
                        lyric: "な",
                        phoneme: None,
                    },
                    Note {
                        key: 69,
                        tick_on: 84000,
                        tick_off: 84240,
                        lyric: "が",
                        phoneme: None,
                    },
                    Note {
                        key: 67,
                        tick_on: 84240,
                        tick_off: 85440,
                        lyric: "ら",
                        phoneme: None,
                    },
                    Note {
                        key: 65,
                        tick_on: 85440,
                        tick_off: 85860,
                        lyric: "あ",
                        phoneme: None,
                    },
                    Note {
                        key: 62,
                        tick_on: 85920,
                        tick_off: 86160,
                        lyric: "う",
                        phoneme: None,
                    },
                    Note {
                        key: 64,
                        tick_on: 86160,
                        tick_off: 86400,
                        lyric: "た",
                        phoneme: None,
                    },
                    Note {
                        key: 67,
                        tick_on: 86400,
                        tick_off: 87840,
                        lyric: "を",
                        phoneme: None,
                    },
                    Note {
                        key: 64,
                        tick_on: 87840,
                        tick_off: 88080,
                        lyric: "く",
                        phoneme: None,
                    },
                    Note {
                        key: 62,
                        tick_on: 88080,
                        tick_off: 88320,
                        lyric: "み",
                        phoneme: None,
                    },
                    Note {
                        key: 62,
                        tick_on: 88320,
                        tick_off: 89760,
                        lyric: "あ",
                        phoneme: None,
                    },
                    Note {
                        key: 64,
                        tick_on: 89760,
                        tick_off: 90000,
                        lyric: "げ",
                        phoneme: None,
                    },
                    Note {
                        key: 60,
                        tick_on: 90000,
                        tick_off: 92160,
                        lyric: "る",
                        phoneme: None,
                    },
                    Note {
                        key: 60,
                        tick_on: 93600,
                        tick_off: 93840,
                        lyric: "か",
                        phoneme: None,
                    },
                    Note {
                        key: 62,
                        tick_on: 93840,
                        tick_off: 94080,
                        lyric: "り",
                        phoneme: None,
                    },
                    Note {
                        key: 64,
                        tick_on: 94080,
                        tick_off: 94560,
                        lyric: "も",
                        phoneme: None,
                    },
                    Note {
                        key: 72,
                        tick_on: 94560,
                        tick_off: 94800,
                        lyric: "の",
                        phoneme: None,
                    },
                    Note {
                        key: 69,
                        tick_on: 94800,
                        tick_off: 95040,
                        lyric: "の",
                        phoneme: None,
                    },
                    Note {
                        key: 67,
                        tick_on: 95040,
                        tick_off: 95520,
                        lyric: "こ",
                        phoneme: None,
                    },
                    Note {
                        key: 69,
                        tick_on: 95520,
                        tick_off: 95760,
                        lyric: "え",
                        phoneme: None,
                    },
                    Note {
                        key: 67,
                        tick_on: 95760,
                        tick_off: 96000,
                        lyric: "と",
                        phoneme: None,
                    },
                    Note {
                        key: 67,
                        tick_on: 96000,
                        tick_off: 96240,
                        lyric: "お",
                        phoneme: None,
                    },
                    Note {
                        key: 69,
                        tick_on: 96240,
                        tick_off: 96480,
                        lyric: "と",
                        phoneme: None,
                    },
                    Note {
                        key: 67,
                        tick_on: 96480,
                        tick_off: 96720,
                        lyric: "あ",
                        phoneme: None,
                    },
                    Note {
                        key: 64,
                        tick_on: 96720,
                        tick_off: 96960,
                        lyric: "わ",
                        phoneme: None,
                    },
                    Note {
                        key: 62,
                        tick_on: 96960,
                        tick_off: 97380,
                        lyric: "せ",
                        phoneme: None,
                    },
                    Note {
                        key: 60,
                        tick_on: 97440,
                        tick_off: 97680,
                        lyric: "ひ",
                        phoneme: None,
                    },
                    Note {
                        key: 62,
                        tick_on: 97680,
                        tick_off: 97920,
                        lyric: "ろ",
                        phoneme: None,
                    },
                    Note {
                        key: 64,
                        tick_on: 97920,
                        tick_off: 98280,
                        lyric: "お",
                        phoneme: None,
                    },
                    Note {
                        key: 64,
                        tick_on: 98280,
                        tick_off: 98400,
                        lyric: "",
                        phoneme: None,
                    },
                    Note {
                        key: 69,
                        tick_on: 98400,
                        tick_off: 98880,
                        lyric: "た",
                        phoneme: None,
                    },
                    Note {
                        key: 67,
                        tick_on: 98880,
                        tick_off: 99360,
                        lyric: "こ",
                        phoneme: None,
                    },
                    Note {
                        key: 69,
                        tick_on: 99360,
                        tick_off: 99600,
                        lyric: "ど",
                        phoneme: None,
                    },
                    Note {
                        key: 69,
                        tick_on: 99600,
                        tick_off: 99840,
                        lyric: "な",
                        phoneme: None,
                    },
                    Note {
                        key: 72,
                        tick_on: 99840,
                        tick_off: 100080,
                        lyric: "ら",
                        phoneme: None,
                    },
                    Note {
                        key: 74,
                        tick_on: 100080,
                        tick_off: 100320,
                        lyric: "し",
                        phoneme: None,
                    },
                    Note {
                        key: 72,
                        tick_on: 100320,
                        tick_off: 100560,
                        lyric: "な",
                        phoneme: None,
                    },
                    Note {
                        key: 67,
                        tick_on: 100560,
                        tick_off: 100800,
                        lyric: "が",
                        phoneme: None,
                    },
                    Note {
                        key: 69,
                        tick_on: 100800,
                        tick_off: 101520,
                        lyric: "ら",
                        phoneme: None,
                    },
                    Note {
                        key: 67,
                        tick_on: 101760,
                        tick_off: 102000,
                        lyric: "つ",
                        phoneme: None,
                    },
                    Note {
                        key: 67,
                        tick_on: 102000,
                        tick_off: 102240,
                        lyric: "む",
                        phoneme: None,
                    },
                    Note {
                        key: 69,
                        tick_on: 102240,
                        tick_off: 102480,
                        lyric: "い",
                        phoneme: None,
                    },
                    Note {
                        key: 67,
                        tick_on: 102480,
                        tick_off: 102720,
                        lyric: "だ",
                        phoneme: None,
                    },
                    Note {
                        key: 67,
                        tick_on: 102720,
                        tick_off: 102960,
                        lyric: "こ",
                        phoneme: None,
                    },
                    Note {
                        key: 69,
                        tick_on: 102960,
                        tick_off: 103200,
                        lyric: "と",
                        phoneme: None,
                    },
                    Note {
                        key: 67,
                        tick_on: 103200,
                        tick_off: 103440,
                        lyric: "ば",
                        phoneme: None,
                    },
                    Note {
                        key: 67,
                        tick_on: 103440,
                        tick_off: 103680,
                        lyric: "を",
                        phoneme: None,
                    },
                    Note {
                        key: 67,
                        tick_on: 103680,
                        tick_off: 103920,
                        lyric: "う",
                        phoneme: None,
                    },
                    Note {
                        key: 72,
                        tick_on: 103920,
                        tick_off: 104160,
                        lyric: "ち",
                        phoneme: None,
                    },
                    Note {
                        key: 69,
                        tick_on: 104160,
                        tick_off: 104400,
                        lyric: "こ",
                        phoneme: None,
                    },
                    Note {
                        key: 67,
                        tick_on: 104400,
                        tick_off: 104640,
                        lyric: "ん",
                        phoneme: None,
                    },
                    Note {
                        key: 69,
                        tick_on: 104640,
                        tick_off: 104880,
                        lyric: "で",
                        phoneme: None,
                    },
                    Note {
                        key: 64,
                        tick_on: 105120,
                        tick_off: 105360,
                        lyric: "わ",
                        phoneme: None,
                    },
                    Note {
                        key: 67,
                        tick_on: 105360,
                        tick_off: 105600,
                        lyric: "た",
                        phoneme: None,
                    },
                    Note {
                        key: 69,
                        tick_on: 105600,
                        tick_off: 106080,
                        lyric: "し",
                        phoneme: None,
                    },
                    Note {
                        key: 67,
                        tick_on: 106080,
                        tick_off: 106560,
                        lyric: "わ",
                        phoneme: None,
                    },
                    Note {
                        key: 64,
                        tick_on: 106560,
                        tick_off: 106800,
                        lyric: "う",
                        phoneme: None,
                    },
                    Note {
                        key: 64,
                        tick_on: 106800,
                        tick_off: 107040,
                        lyric: "た",
                        phoneme: None,
                    },
                    Note {
                        key: 62,
                        tick_on: 107040,
                        tick_off: 107280,
                        lyric: "を",
                        phoneme: None,
                    },
                    Note {
                        key: 62,
                        tick_on: 107280,
                        tick_off: 107520,
                        lyric: "う",
                        phoneme: None,
                    },
                    Note {
                        key: 64,
                        tick_on: 107520,
                        tick_off: 107760,
                        lyric: "た",
                        phoneme: None,
                    },
                    Note {
                        key: 67,
                        tick_on: 107760,
                        tick_off: 107880,
                        lyric: "あ",
                        phoneme: None,
                    },
                    Note {
                        key: 67,
                        tick_on: 107880,
                        tick_off: 108000,
                        lyric: "",
                        phoneme: None,
                    },
                    Note {
                        key: 64,
                        tick_on: 108000,
                        tick_off: 108240,
                        lyric: "て",
                        phoneme: None,
                    },
                    Note {
                        key: 62,
                        tick_on: 108240,
                        tick_off: 108480,
                        lyric: "い",
                        phoneme: None,
                    },
                    Note {
                        key: 60,
                        tick_on: 108480,
                        tick_off: 108900,
                        lyric: "る",
                        phoneme: None,
                    },
                    Note {
                        key: 60,
                        tick_on: 108960,
                        tick_off: 109200,
                        lyric: "こ",
                        phoneme: None,
                    },
                    Note {
                        key: 62,
                        tick_on: 109200,
                        tick_off: 109440,
                        lyric: "の",
                        phoneme: None,
                    },
                    Note {
                        key: 64,
                        tick_on: 109440,
                        tick_off: 109920,
                        lyric: "う",
                        phoneme: None,
                    },
                    Note {
                        key: 72,
                        tick_on: 109920,
                        tick_off: 110160,
                        lyric: "た",
                        phoneme: None,
                    },
                    Note {
                        key: 69,
                        tick_on: 110160,
                        tick_off: 110400,
                        lyric: "わ",
                        phoneme: None,
                    },
                    Note {
                        key: 67,
                        tick_on: 110400,
                        tick_off: 110880,
                        lyric: "き",
                        phoneme: None,
                    },
                    Note {
                        key: 69,
                        tick_on: 110880,
                        tick_off: 111120,
                        lyric: "い",
                        phoneme: None,
                    },
                    Note {
                        key: 67,
                        tick_on: 111120,
                        tick_off: 111240,
                        lyric: "と",
                        phoneme: None,
                    },
                    Note {
                        key: 67,
                        tick_on: 111240,
                        tick_off: 111360,
                        lyric: "う",
                        phoneme: None,
                    },
                    Note {
                        key: 67,
                        tick_on: 111360,
                        tick_off: 111600,
                        lyric: "み",
                        phoneme: None,
                    },
                    Note {
                        key: 69,
                        tick_on: 111600,
                        tick_off: 111840,
                        lyric: "の",
                        phoneme: None,
                    },
                    Note {
                        key: 67,
                        tick_on: 111840,
                        tick_off: 112080,
                        lyric: "そ",
                        phoneme: None,
                    },
                    Note {
                        key: 64,
                        tick_on: 112080,
                        tick_off: 112320,
                        lyric: "こ",
                        phoneme: None,
                    },
                    Note {
                        key: 62,
                        tick_on: 112320,
                        tick_off: 112740,
                        lyric: "に",
                        phoneme: None,
                    },
                    Note {
                        key: 60,
                        tick_on: 112800,
                        tick_off: 113040,
                        lyric: "う",
                        phoneme: None,
                    },
                    Note {
                        key: 62,
                        tick_on: 113040,
                        tick_off: 113280,
                        lyric: "も",
                        phoneme: None,
                    },
                    Note {
                        key: 64,
                        tick_on: 113280,
                        tick_off: 113760,
                        lyric: "れ",
                        phoneme: None,
                    },
                    Note {
                        key: 69,
                        tick_on: 113760,
                        tick_off: 114240,
                        lyric: "て",
                        phoneme: None,
                    },
                    Note {
                        key: 67,
                        tick_on: 114240,
                        tick_off: 114480,
                        lyric: "き",
                        phoneme: None,
                    },
                    Note {
                        key: 64,
                        tick_on: 114480,
                        tick_off: 114720,
                        lyric: "え",
                        phoneme: None,
                    },
                    Note {
                        key: 67,
                        tick_on: 114720,
                        tick_off: 114960,
                        lyric: "て",
                        phoneme: None,
                    },
                    Note {
                        key: 64,
                        tick_on: 114960,
                        tick_off: 115200,
                        lyric: "ゆ",
                        phoneme: None,
                    },
                    Note {
                        key: 67,
                        tick_on: 115200,
                        tick_off: 115440,
                        lyric: "く",
                        phoneme: None,
                    },
                    Note {
                        key: 64,
                        tick_on: 115440,
                        tick_off: 115680,
                        lyric: "の",
                        phoneme: None,
                    },
                    Note {
                        key: 67,
                        tick_on: 115680,
                        tick_off: 116160,
                        lyric: "だ",
                        phoneme: None,
                    },
                    Note {
                        key: 69,
                        tick_on: 116160,
                        tick_off: 116400,
                        lyric: "ろ",
                        phoneme: None,
                    },
                    Note {
                        key: 67,
                        tick_on: 116640,
                        tick_off: 116880,
                        lyric: "そ",
                        phoneme: None,
                    },
                    Note {
                        key: 64,
                        tick_on: 116880,
                        tick_off: 117120,
                        lyric: "れ",
                        phoneme: None,
                    },
                    Note {
                        key: 62,
                        tick_on: 117120,
                        tick_off: 117600,
                        lyric: "わ",
                        phoneme: None,
                    },
                    Note {
                        key: 64,
                        tick_on: 117600,
                        tick_off: 117840,
                        lyric: "ひ",
                        phoneme: None,
                    },
                    Note {
                        key: 69,
                        tick_on: 117840,
                        tick_off: 118080,
                        lyric: "と",
                        phoneme: None,
                    },
                    Note {
                        key: 67,
                        tick_on: 118080,
                        tick_off: 118560,
                        lyric: "ま",
                        phoneme: None,
                    },
                    Note {
                        key: 69,
                        tick_on: 118560,
                        tick_off: 119040,
                        lyric: "ず",
                        phoneme: None,
                    },
                    Note {
                        key: 67,
                        tick_on: 119040,
                        tick_off: 119280,
                        lyric: "め",
                        phoneme: None,
                    },
                    Note {
                        key: 72,
                        tick_on: 119280,
                        tick_off: 119520,
                        lyric: "を",
                        phoneme: None,
                    },
                    Note {
                        key: 69,
                        tick_on: 119520,
                        tick_off: 119760,
                        lyric: "そ",
                        phoneme: None,
                    },
                    Note {
                        key: 74,
                        tick_on: 119760,
                        tick_off: 120000,
                        lyric: "ら",
                        phoneme: None,
                    },
                    Note {
                        key: 72,
                        tick_on: 120000,
                        tick_off: 120420,
                        lyric: "し",
                        phoneme: None,
                    },
                    Note {
                        key: 64,
                        tick_on: 120480,
                        tick_off: 120720,
                        lyric: "わ",
                        phoneme: None,
                    },
                    Note {
                        key: 67,
                        tick_on: 120720,
                        tick_off: 120960,
                        lyric: "た",
                        phoneme: None,
                    },
                    Note {
                        key: 69,
                        tick_on: 120960,
                        tick_off: 121200,
                        lyric: "し",
                        phoneme: None,
                    },
                    Note {
                        key: 67,
                        tick_on: 121200,
                        tick_off: 121440,
                        lyric: "わ",
                        phoneme: None,
                    },
                    Note {
                        key: 64,
                        tick_on: 121440,
                        tick_off: 121680,
                        lyric: "か",
                        phoneme: None,
                    },
                    Note {
                        key: 64,
                        tick_on: 121680,
                        tick_off: 121920,
                        lyric: "ん",
                        phoneme: None,
                    },
                    Note {
                        key: 64,
                        tick_on: 121920,
                        tick_off: 122400,
                        lyric: "せ",
                        phoneme: None,
                    },
                    Note {
                        key: 62,
                        tick_on: 122400,
                        tick_off: 122640,
                        lyric: "を",
                        phoneme: None,
                    },
                    Note {
                        key: 60,
                        tick_on: 122640,
                        tick_off: 122880,
                        lyric: "い",
                        phoneme: None,
                    },
                    Note {
                        key: 62,
                        tick_on: 122880,
                        tick_off: 123120,
                        lyric: "わ",
                        phoneme: None,
                    },
                    Note {
                        key: 64,
                        tick_on: 123120,
                        tick_off: 123360,
                        lyric: "あ",
                        phoneme: None,
                    },
                    Note {
                        key: 62,
                        tick_on: 123360,
                        tick_off: 123600,
                        lyric: "て",
                        phoneme: None,
                    },
                    Note {
                        key: 60,
                        tick_on: 123600,
                        tick_off: 123840,
                        lyric: "い",
                        phoneme: None,
                    },
                    Note {
                        key: 60,
                        tick_on: 123840,
                        tick_off: 124320,
                        lyric: "る",
                        phoneme: None,
                    },
                ],
                pitch: None,
            },
        ],
        time_signatures: [
            TimeSignature {
                measure_position: 1,
                numerator: 4,
                denominator: 4,
            },
        ],
        tempos: [
            Tempo {
                tick_position: 0,
                bpm: 140,
            },
        ],
        measure_prefix: 0,
    },
}
